[debug] [2026-09-09T16:00:19.898Z] ----------------------------------------------------------------------
[debug] [2026-09-09T16:00:19.903Z] Command:       /usr/local/bin/firebase /Users/vengatavisvasaravanan/.cache/firebase/tools/lib/node_modules/firebase-tools/lib/bin/firebase projects:list
[debug] [2026-09-09T16:00:19.903Z] CLI Version:   14.1.0
[debug] [2026-09-09T16:00:19.904Z] Platform:      darwin
[debug] [2026-09-09T16:00:19.904Z] Node Version:  v20.18.2
[debug] [2026-09-09T16:00:19.904Z] Time:          Wed Sep 09 2026 21:30:19 GMT+0530 (India Standard Time)
[debug] [2026-09-09T16:00:19.904Z] ----------------------------------------------------------------------
[debug] 
[debug] [2026-09-09T16:00:19.912Z] > command requires scopes: ["email","openid","https://www.googleapis.com/auth/cloudplatformprojects.readonly","https://www.googleapis.com/auth/firebase","https://www.googleapis.com/auth/cloud-platform"]
[debug] [2026-09-09T16:00:19.913Z] > authorizing via signed-in user (vengatavisva7@gmail.com)
[debug] [2026-09-09T16:00:19.919Z] Checked if tokens are valid: false, expires at: 1743754278570
[debug] [2026-09-09T16:00:19.920Z] Checked if tokens are valid: false, expires at: 1743754278570
[debug] [2026-09-09T16:00:19.920Z] > refreshing access token with scopes: []
[debug] [2026-09-09T16:00:19.922Z] >>> [apiv2][query] POST https://www.googleapis.com/oauth2/v3/token [none]
[debug] [2026-09-09T16:00:19.923Z] >>> [apiv2][body] POST https://www.googleapis.com/oauth2/v3/token [omitted]
[debug] [2026-09-09T16:00:20.254Z] <<< [apiv2][status] POST https://www.googleapis.com/oauth2/v3/token 400
[debug] [2026-09-09T16:00:20.255Z] <<< [apiv2][body] POST https://www.googleapis.com/oauth2/v3/token [omitted]
[debug] [2026-09-09T16:00:20.256Z] >>> [apiv2][query] GET https://firebase.googleapis.com/v1beta1/projects pageSize=1000
[debug] [2026-09-09T16:00:20.626Z] <<< [apiv2][status] GET https://firebase.googleapis.com/v1beta1/projects 401
[debug] [2026-09-09T16:00:20.627Z] <<< [apiv2][body] GET https://firebase.googleapis.com/v1beta1/projects [omitted]
[debug] [2026-09-09T16:00:20.627Z] Got a 401 Unauthenticated error for a call that required authentication. Refreshing tokens.
[debug] [2026-09-09T16:00:20.627Z] Checked if tokens are valid: false, expires at: 1743754278570
[debug] [2026-09-09T16:00:20.627Z] Checked if tokens are valid: false, expires at: 1743754278570
[debug] [2026-09-09T16:00:20.627Z] > refreshing access token with scopes: []
[debug] [2026-09-09T16:00:20.628Z] >>> [apiv2][query] POST https://www.googleapis.com/oauth2/v3/token [none]
[debug] [2026-09-09T16:00:20.628Z] >>> [apiv2][body] POST https://www.googleapis.com/oauth2/v3/token [omitted]
[debug] [2026-09-09T16:00:20.757Z] <<< [apiv2][status] POST https://www.googleapis.com/oauth2/v3/token 400
[debug] [2026-09-09T16:00:20.758Z] <<< [apiv2][body] POST https://www.googleapis.com/oauth2/v3/token [omitted]
[debug] [2026-09-09T16:00:20.760Z] Request to https://firebase.googleapis.com/v1beta1/projects?pageSize=1000 had HTTP Error: 401, Request had invalid authentication credentials. Expected OAuth 2 access token, login cookie or other valid authentication credential. See https://developers.google.com/identity/sign-in/web/devconsole-project.
[debug] [2026-09-09T16:00:20.955Z] FirebaseError: Request to https://firebase.googleapis.com/v1beta1/projects?pageSize=1000 had HTTP Error: 401, Request had invalid authentication credentials. Expected OAuth 2 access token, login cookie or other valid authentication credential. See https://developers.google.com/identity/sign-in/web/devconsole-project.
    at responseToError (/Users/vengatavisvasaravanan/.cache/firebase/tools/lib/node_modules/firebase-tools/lib/responseToError.js:52:12)
    at RetryOperation._fn (/Users/vengatavisvasaravanan/.cache/firebase/tools/lib/node_modules/firebase-tools/lib/apiv2.js:312:77)
    at process.processTicksAndRejections (node:internal/process/task_queues:95:5)
[error] 
[error] Error: Failed to list Firebase projects. See firebase-debug.log for more info.
